2026-09-09 14:54:56,255 INFO config.config Config loaded from D:\QuantTradingV1\config\params.yaml: taker=0.0010 maker=0.0010 slippage_bps=5.00 risk_per_trade=0.0200 max_leverage=3.0 max_dd=0.20 liquidity_limit_pct=0.0100 max_pos_size_pct=0.3000 routing={'TREND_UP': 'TrendBreakout', 'TREND_DOWN': 'Cash', 'SIDEWAYS': 'Cash', 'VOLATILE': 'Cash'}
RUN main_1 2016-01-01..2026-06-30 cost=1
DONE main_1: equity=19972.92
RUN main_2 2016-01-01..2026-06-30 cost=1
DONE main_2: equity=19972.92
RUN main_3 2016-01-01..2026-06-30 cost=1
DONE main_3: equity=19972.92
RUN legacy 2016-01-01..2026-06-30 cost=1
DONE legacy: equity=21336.20
RUN train60 2017-08-17..2022-12-12 cost=1
DONE train60: equity=21336.20
RUN validation20 2022-12-13..2024-09-20 cost=1
DONE validation20: equity=8564.04
RUN final20 2024-09-21..2026-06-30 cost=1
DONE final20: equity=10249.56
RUN rolling_00 2020-03-14..2020-09-09 cost=1
DONE rolling_00: equity=11810.76
RUN rolling_01 2020-10-10..2021-04-07 cost=1
DONE rolling_01: equity=12943.39
RUN rolling_02 2021-05-08..2021-11-03 cost=1
DONE rolling_02: equity=9725.48
RUN rolling_03 2021-12-04..2022-06-01 cost=1
DONE rolling_03: equity=9383.65
RUN rolling_04 2022-07-02..2022-12-28 cost=1
DONE rolling_04: equity=9392.25
RUN rolling_05 2023-01-28..2023-07-26 cost=1
DONE rolling_05: equity=8471.28
RUN rolling_06 2023-08-26..2024-02-21 cost=1
DONE rolling_06: equity=11221.66
RUN rolling_07 2024-03-23..2024-09-18 cost=1
DONE rolling_07: equity=9974.82
RUN rolling_08 2024-10-19..2025-04-16 cost=1
DONE rolling_08: equity=11388.97
RUN rolling_09 2025-05-17..2025-11-12 cost=1
DONE rolling_09: equity=11120.40
RUN rolling_10 2025-12-13..2026-06-10 cost=1
DONE rolling_10: equity=9662.60
RUN cost_1.5 2016-01-01..2026-06-30 cost=1.5
DONE cost_1.5: equity=20896.28
RUN cost_2 2016-01-01..2026-06-30 cost=2
DONE cost_2: equity=20251.97
RUN cost_3 2016-01-01..2026-06-30 cost=3
DONE cost_3: equity=19089.76
RUN cost_5 2016-01-01..2026-06-30 cost=5
DONE cost_5: equity=17102.59
RUN end_exit_sensitivity 2016-01-01..2026-06-30 cost=1
DONE end_exit_sensitivity: equity=19972.92
RUN reversed_symbols 2016-01-01..2026-06-30 cost=1
DONE reversed_symbols: equity=19972.92
RUN prefix_2023 2016-01-01..2023-12-21 cost=1
DONE prefix_2023: equity=21419.60
RUN prefix_2024 2016-01-01..2024-01-06 cost=1
DONE prefix_2024: equity=20094.35
RUN fresh_start_2020 2020-01-01..2026-06-30 cost=1
DONE fresh_start_2020: equity=19833.67
RUN fresh_start_2021 2021-01-01..2026-06-30 cost=1
DONE fresh_start_2021: equity=13701.04
RUN fresh_start_2022 2022-01-01..2026-06-30 cost=1
DONE fresh_start_2022: equity=8388.89
RUN fresh_start_2023 2023-01-01..2026-06-30 cost=1
DONE fresh_start_2023: equity=8564.04
RUN fresh_start_2024 2024-01-01..2026-06-30 cost=1
DONE fresh_start_2024: equity=9355.23
RUN fresh_start_2025 2025-01-01..2026-06-30 cost=1
DONE fresh_start_2025: equity=10232.82
RUN liquidity_quarter 2016-01-01..2026-06-30 cost=1
DONE liquidity_quarter: equity=19972.66
RUN missing_one_percent 2016-01-01..2026-06-30 cost=1
DONE missing_one_percent: equity=21294.56
RUN market_outage_7d 2016-01-01..2026-06-30 cost=1
DONE market_outage_7d: equity=20664.61
